type DataWithAttributes = {
plain: string,
onlyDataHidden: string,
mapped_output: string,
output_name: string,
with_map_name_input_only: string,
lazyProperty?: string,
optionalProperty?: string,
lazyAndOptionalProperty?: string | number,
customLazyProperty: undefined | string,
nullableProperty?: string,
};